09-09 18:38:37.748 16731 16760 I TestRunner: started: vertical_scrolling(com.example.dogglers.VerticalListTests)
09-09 18:38:37.753  2186  2198 I ndroid.systemu: NativeAlloc concurrent copying GC freed 9852(322KB) AllocSpace objects, 0(0B) LOS objects, 49% free, 4491KB/8982KB, paused 3.849ms total 540.133ms
09-09 18:38:37.810 16731 16760 W Settings: Setting always_finish_activities has moved from android.provider.Settings.System to android.provider.Settings.Global, returning read-only value.
09-09 18:38:37.832  1982  2666 D HostConnection: HostConnection::get() New Host Connection established 0xe1251c70, tid 2666
09-09 18:38:37.832  1982  2666 D HostConnection: HostComposition ext ANDROID_EMU_CHECKSUM_HELPER_v1 ANDROID_EMU_native_sync_v2 ANDROID_EMU_native_sync_v3 ANDROID_EMU_native_sync_v4 ANDROID_EMU_dma_v1 ANDROID_EMU_direct_mem ANDROID_EMU_host_composition_v1 ANDROID_EMU_host_composition_v2 ANDROID_EMU_YUV_Cache ANDROID_EMU_sync_buffer_data GL_OES_EGL_image_external_essl3 GL_OES_vertex_array_object GL_KHR_texture_compression_astc_ldr ANDROID_EMU_host_side_tracing ANDROID_EMU_gles_max_version_3_0
09-09 18:38:37.839  1982  2666 W OpenGLRenderer: Failed to choose config with EGL_SWAP_BEHAVIOR_PRESERVED, retrying without...
09-09 18:38:37.841  1982  2666 D EGL_emulation: eglCreateContext: 0xb4c207e0: maj 3 min 0 rcv 3
09-09 18:38:37.843  1982  2666 D EGL_emulation: eglMakeCurrent: 0xb4c207e0: ver 3 0 (tinfo 0xb4c0edc0)
09-09 18:38:37.903  1982  2355 W InputReader: Device has associated, but no associated display id.
09-09 18:38:37.907  1982  2355 I chatty  : uid=1000(system) Binder:1982_7 identical 20 lines
09-09 18:38:37.907  1982  2355 W InputReader: Device has associated, but no associated display id.
09-09 18:38:37.913 16731 16731 W ActivityThread: handleWindowVisibility: no activity for token android.os.BinderProxy@89aab14
09-09 18:38:37.907  1982  2355 W InputReader: Device has associated, but no associated display id.
09-09 18:38:37.929  1982  2355 I chatty  : uid=1000(system) Binder:1982_7 identical 16 lines
09-09 18:38:37.929  1982  2355 W InputReader: Device has associated, but no associated display id.
09-09 18:38:37.936  1982  2010 E system_server: Invalid ID 0x00000000.
09-09 18:38:37.989 16731 16731 D LifecycleMonitor: Lifecycle status change: androidx.test.core.app.InstrumentationActivityInvoker$BootstrapActivity@f731fbd in: PRE_ON_CREATE
09-09 18:38:37.989 16731 16731 V ActivityScenario: Activity lifecycle changed event received but ignored because the intent does not match. startActivityIntent=Intent { act=android.intent.action.MAIN cat=[android.intent.category.LAUNCHER] cmp=com.example.dogglers/.VerticalListActivity }, activity.getIntent()=Intent { act=android.intent.action.MAIN cat=[android.intent.category.LAUNCHER] flg=0x10008000 cmp=com.example.dogglers/androidx.test.core.app.InstrumentationActivityInvoker$BootstrapActivity (has extras) }, activity=androidx.test.core.app.InstrumentationActivityInvoker$BootstrapActivity@f731fbd
09-09 18:38:37.990  1748  1833 D gralloc_ranchu: gralloc_alloc: Creating ashmem region of size 8298496
09-09 18:38:38.027 16731 16731 D LifecycleMonitor: Lifecycle status change: androidx.test.core.app.InstrumentationActivityInvoker$BootstrapActivity@f731fbd in: CREATED
09-09 18:38:38.028 16731 16731 V ActivityScenario: Activity lifecycle changed event received but ignored because the intent does not match. startActivityIntent=Intent { act=android.intent.action.MAIN cat=[android.intent.category.LAUNCHER] cmp=com.example.dogglers/.VerticalListActivity }, activity.getIntent()=Intent { act=android.intent.action.MAIN cat=[android.intent.category.LAUNCHER] flg=0x10008000 cmp=com.example.dogglers/androidx.test.core.app.InstrumentationActivityInvoker$BootstrapActivity (has extras) }, activity=androidx.test.core.app.InstrumentationActivityInvoker$BootstrapActivity@f731fbd
09-09 18:38:38.047 16731 16731 D LifecycleMonitor: Lifecycle status change: androidx.test.core.app.InstrumentationActivityInvoker$BootstrapActivity@f731fbd in: STARTED
09-09 18:38:38.048 16731 16731 V ActivityScenario: Activity lifecycle changed event received but ignored because the intent does not match. startActivityIntent=Intent { act=android.intent.action.MAIN cat=[android.intent.category.LAUNCHER] cmp=com.example.dogglers/.VerticalListActivity }, activity.getIntent()=Intent { act=android.intent.action.MAIN cat=[android.intent.category.LAUNCHER] flg=0x10008000 cmp=com.example.dogglers/androidx.test.core.app.InstrumentationActivityInvoker$BootstrapActivity (has extras) }, activity=androidx.test.core.app.InstrumentationActivityInvoker$BootstrapActivity@f731fbd
09-09 18:38:38.073 16731 16731 D LifecycleMonitor: Lifecycle status change: androidx.test.core.app.InstrumentationActivityInvoker$BootstrapActivity@f731fbd in: RESUMED
09-09 18:38:38.074 16731 16731 V ActivityScenario: Activity lifecycle changed event received but ignored because the intent does not match. startActivityIntent=Intent { act=android.intent.action.MAIN cat=[android.intent.category.LAUNCHER] cmp=com.example.dogglers/.VerticalListActivity }, activity.getIntent()=Intent { act=android.intent.action.MAIN cat=[android.intent.category.LAUNCHER] flg=0x10008000 cmp=com.example.dogglers/androidx.test.core.app.InstrumentationActivityInvoker$BootstrapActivity (has extras) }, activity=androidx.test.core.app.InstrumentationActivityInvoker$BootstrapActivity@f731fbd
09-09 18:38:38.085 16731 16731 D LifecycleMonitor: Lifecycle status change: androidx.test.core.app.InstrumentationActivityInvoker$BootstrapActivity@f731fbd in: PAUSED
09-09 18:38:38.085 16731 16731 V ActivityScenario: Activity lifecycle changed event received but ignored because the intent does not match. startActivityIntent=Intent { act=android.intent.action.MAIN cat=[android.intent.category.LAUNCHER] cmp=com.example.dogglers/.VerticalListActivity }, activity.getIntent()=Intent { act=android.intent.action.MAIN cat=[android.intent.category.LAUNCHER] flg=0x10008000 cmp=com.example.dogglers/androidx.test.core.app.InstrumentationActivityInvoker$BootstrapActivity (has extras) }, activity=androidx.test.core.app.InstrumentationActivityInvoker$BootstrapActivity@f731fbd
09-09 18:38:38.088  1982  2355 W InputReader: Device has associated, but no associated display id.
09-09 18:38:38.108  1982  2355 I chatty  : uid=1000(system) Binder:1982_7 identical 58 lines
09-09 18:38:38.108  1982  2355 W InputReader: Device has associated, but no associated display id.
09-09 18:38:38.131  3971  4029 D EGL_emulation: eglMakeCurrent: 0xe91c3f80: ver 3 0 (tinfo 0xe91dffd0)
09-09 18:38:38.133  2474  2992 D EGL_emulation: eglMakeCurrent: 0xf457fd00: ver 3 0 (tinfo 0xe923fab0)
09-09 18:38:38.138 16731 16731 W ActivityThread: handleWindowVisibility: no activity for token android.os.BinderProxy@ac5cd03
09-09 18:38:38.187 16731 16731 D LifecycleMonitor: Lifecycle status change: com.example.dogglers.VerticalListActivity@64e365f in: PRE_ON_CREATE
09-09 18:38:38.187 16731 16731 V ActivityScenario: Activity lifecycle changed event received but ignored because the reported transition was not ON_CREATE while the last known transition was PRE_ON_CREATE
09-09 18:38:38.273 16731 16731 D LifecycleMonitor: Lifecycle status change: com.example.dogglers.VerticalListActivity@64e365f in: CREATED
09-09 18:38:38.273 16731 16731 V ActivityScenario: Update currentActivityStage to CREATED, currentActivity=com.example.dogglers.VerticalListActivity@64e365f
09-09 18:38:38.302 16731 16731 D LifecycleMonitor: Lifecycle status change: com.example.dogglers.VerticalListActivity@64e365f in: STARTED
09-09 18:38:38.304 16731 16731 V ActivityScenario: Update currentActivityStage to STARTED, currentActivity=com.example.dogglers.VerticalListActivity@64e365f
09-09 18:38:38.316 16731 16731 D LifecycleMonitor: Lifecycle status change: com.example.dogglers.VerticalListActivity@64e365f in: RESUMED
09-09 18:38:38.317 16731 16731 V ActivityScenario: Update currentActivityStage to RESUMED, currentActivity=com.example.dogglers.VerticalListActivity@64e365f
09-09 18:38:38.339 16731 16731 D LifecycleMonitor: Lifecycle status change: androidx.test.core.app.InstrumentationActivityInvoker$BootstrapActivity@f731fbd in: STOPPED
09-09 18:38:38.339 16731 16731 V ActivityScenario: Activity lifecycle changed event received but ignored because the intent does not match. startActivityIntent=Intent { act=android.intent.action.MAIN cat=[android.intent.category.LAUNCHER] cmp=com.example.dogglers/.VerticalListActivity }, activity.getIntent()=Intent { act=android.intent.action.MAIN cat=[android.intent.category.LAUNCHER] flg=0x10008000 cmp=com.example.dogglers/androidx.test.core.app.InstrumentationActivityInvoker$BootstrapActivity (has extras) }, activity=androidx.test.core.app.InstrumentationActivityInvoker$BootstrapActivity@f731fbd
09-09 18:38:38.422  1748  1833 D gralloc_ranchu: gralloc_alloc: Creating ashmem region of size 8298496
09-09 18:38:38.426  1748  1836 D gralloc_ranchu: gralloc_alloc: Creating ashmem region of size 8298496
09-09 18:38:38.459  1748  1836 D gralloc_ranchu: gralloc_alloc: Creating ashmem region of size 8298496
09-09 18:38:38.488  3971 15691 I PBSessionCacheImpl: Deleted sessionId[566383478567] from persistence.
09-09 18:38:38.513  3971  4032 W SearchServiceCore: Abort, client detached.
09-09 18:38:38.542 16731 16762 D EGL_emulation: eglMakeCurrent: 0xe91b48c0: ver 3 0 (tinfo 0xf4589db0)
09-09 18:38:38.655 16731 16731 I ViewInteraction: Performing 'fast swipe' action on view view.getId() is <2131231206/com.example.dogglers:id/vertical_recycler_view>
09-09 18:38:38.689  1982  2114 V InputDispatcher: Asynchronous input event injection succeeded.
09-09 18:38:38.850  1982  2114 I chatty  : uid=1000(system) InputDispatcher identical 9 lines
09-09 18:38:38.852  1982  2114 V InputDispatcher: Asynchronous input event injection succeeded.
09-09 18:38:38.854  1982  2016 I ActivityTaskManager: Displayed com.example.dogglers/.VerticalListActivity: +712ms
09-09 18:38:39.899 16731 16760 W xample.doggler: Accessing hidden method Lsun/misc/Unsafe;->compareAndSwapObject(Ljava/lang/Object;JLjava/lang/Object;Ljava/lang/Object;)Z (greylist, linking, allowed)
09-09 18:38:39.915 16731 16731 I ViewInteraction: Checking 'MatchesViewAssertion{viewMatcher=(view has effective visibility <VISIBLE> and view.getGlobalVisibleRect() to return non-empty rectangle)}' assertion on view an instance of android.widget.TextView and view.getText() with or without transformation to match: is "Alfredo"
09-09 18:38:40.046 16731 16731 D LifecycleMonitor: Lifecycle status change: com.example.dogglers.VerticalListActivity@64e365f in: PAUSED
09-09 18:38:40.047 16731 16731 V ActivityScenario: Update currentActivityStage to PAUSED, currentActivity=com.example.dogglers.VerticalListActivity@64e365f
09-09 18:38:40.048  1982  2326 W InputReader: Device has associated, but no associated display id.
09-09 18:38:40.055  1982  2326 I chatty  : uid=1000(system) Binder:1982_5 identical 48 lines
09-09 18:38:40.055  1982  2326 W InputReader: Device has associated, but no associated display id.
09-09 18:38:40.061 16731 16731 W ActivityThread: handleWindowVisibility: no activity for token android.os.BinderProxy@371d639
09-09 18:38:40.087 16731 16731 D LifecycleMonitor: Lifecycle status change: androidx.test.core.app.InstrumentationActivityInvoker$EmptyActivity@fd3c47e in: PRE_ON_CREATE
09-09 18:38:40.088 16731 16731 V ActivityScenario: Activity lifecycle changed event received but ignored because the intent does not match. startActivityIntent=Intent { act=android.intent.action.MAIN cat=[android.intent.category.LAUNCHER] cmp=com.example.dogglers/.VerticalListActivity }, activity.getIntent()=Intent { act=android.intent.action.MAIN cat=[android.intent.category.LAUNCHER] flg=0x10000000 cmp=com.example.dogglers/androidx.test.core.app.InstrumentationActivityInvoker$EmptyActivity }, activity=androidx.test.core.app.InstrumentationActivityInvoker$EmptyActivity@fd3c47e
09-09 18:38:40.105 16731 16731 D LifecycleMonitor: Lifecycle status change: androidx.test.core.app.InstrumentationActivityInvoker$EmptyActivity@fd3c47e in: CREATED
09-09 18:38:40.105 16731 16731 V ActivityScenario: Activity lifecycle changed event received but ignored because the intent does not match. startActivityIntent=Intent { act=android.intent.action.MAIN cat=[android.intent.category.LAUNCHER] cmp=com.example.dogglers/.VerticalListActivity }, activity.getIntent()=Intent { act=android.intent.action.MAIN cat=[android.intent.category.LAUNCHER] flg=0x10000000 cmp=com.example.dogglers/androidx.test.core.app.InstrumentationActivityInvoker$EmptyActivity }, activity=androidx.test.core.app.InstrumentationActivityInvoker$EmptyActivity@fd3c47e
09-09 18:38:40.111 16731 16731 D LifecycleMonitor: Lifecycle status change: androidx.test.core.app.InstrumentationActivityInvoker$EmptyActivity@fd3c47e in: STARTED
09-09 18:38:40.111 16731 16731 V ActivityScenario: Activity lifecycle changed event received but ignored because the intent does not match. startActivityIntent=Intent { act=android.intent.action.MAIN cat=[android.intent.category.LAUNCHER] cmp=com.example.dogglers/.VerticalListActivity }, activity.getIntent()=Intent { act=android.intent.action.MAIN cat=[android.intent.category.LAUNCHER] flg=0x10000000 cmp=com.example.dogglers/androidx.test.core.app.InstrumentationActivityInvoker$EmptyActivity }, activity=androidx.test.core.app.InstrumentationActivityInvoker$EmptyActivity@fd3c47e
09-09 18:38:40.118 16731 16731 D LifecycleMonitor: Lifecycle status change: androidx.test.core.app.InstrumentationActivityInvoker$EmptyActivity@fd3c47e in: RESUMED
09-09 18:38:40.120 16731 16731 V ActivityScenario: Activity lifecycle changed event received but ignored because the intent does not match. startActivityIntent=Intent { act=android.intent.action.MAIN cat=[android.intent.category.LAUNCHER] cmp=com.example.dogglers/.VerticalListActivity }, activity.getIntent()=Intent { act=android.intent.action.MAIN cat=[android.intent.category.LAUNCHER] flg=0x10000000 cmp=com.example.dogglers/androidx.test.core.app.InstrumentationActivityInvoker$EmptyActivity }, activity=androidx.test.core.app.InstrumentationActivityInvoker$EmptyActivity@fd3c47e
09-09 18:38:40.196  1748  1836 D gralloc_ranchu: gralloc_alloc: Creating ashmem region of size 8298496
09-09 18:38:40.201  1748  1836 I chatty  : uid=1000(system) HwBinder:1748_3 identical 1 line
09-09 18:38:40.202  1748  1836 D gralloc_ranchu: gralloc_alloc: Creating ashmem region of size 8298496
09-09 18:38:40.204 16731 16762 D EGL_emulation: eglMakeCurrent: 0xe91b48c0: ver 3 0 (tinfo 0xf4589db0)
09-09 18:38:40.213 16731 16762 D EGL_emulation: eglMakeCurrent: 0xe91b48c0: ver 3 0 (tinfo 0xf4589db0)
09-09 18:38:40.222  1982  2010 W InputReader: Device has associated, but no associated display id.
09-09 18:38:40.223  1982  2010 I chatty  : uid=1000(system) android.anim identical 18 lines
09-09 18:38:40.223  1982  2010 W InputReader: Device has associated, but no associated display id.
09-09 18:38:40.291 16731 16762 D EGL_emulation: eglMakeCurrent: 0xe91b48c0: ver 3 0 (tinfo 0xf4589db0)
09-09 18:38:40.315 16731 16762 D EGL_emulation: eglMakeCurrent: 0xe91b48c0: ver 3 0 (tinfo 0xf4589db0)
09-09 18:38:40.338 16731 16731 D LifecycleMonitor: Lifecycle status change: androidx.test.core.app.InstrumentationActivityInvoker$BootstrapActivity@f731fbd in: DESTROYED
09-09 18:38:40.339 16731 16731 V ActivityScenario: Activity lifecycle changed event received but ignored because the intent does not match. startActivityIntent=Intent { act=android.intent.action.MAIN cat=[android.intent.category.LAUNCHER] cmp=com.example.dogglers/.VerticalListActivity }, activity.getIntent()=Intent { act=android.intent.action.MAIN cat=[android.intent.category.LAUNCHER] flg=0x10008000 cmp=com.example.dogglers/androidx.test.core.app.InstrumentationActivityInvoker$BootstrapActivity (has extras) }, activity=androidx.test.core.app.InstrumentationActivityInvoker$BootstrapActivity@f731fbd
09-09 18:38:40.345 16731 16731 D LifecycleMonitor: Lifecycle status change: androidx.test.core.app.InstrumentationActivityInvoker$EmptyActivity@fd3c47e in: PAUSED
09-09 18:38:40.346 16731 16731 V ActivityScenario: Activity lifecycle changed event received but ignored because the intent does not match. startActivityIntent=Intent { act=android.intent.action.MAIN cat=[android.intent.category.LAUNCHER] cmp=com.example.dogglers/.VerticalListActivity }, activity.getIntent()=Intent { act=android.intent.action.MAIN cat=[android.intent.category.LAUNCHER] flg=0x10000000 cmp=com.example.dogglers/androidx.test.core.app.InstrumentationActivityInvoker$EmptyActivity }, activity=androidx.test.core.app.InstrumentationActivityInvoker$EmptyActivity@fd3c47e
09-09 18:38:40.347  1982  2326 W InputReader: Device has associated, but no associated display id.
09-09 18:38:40.354  1982  2326 I chatty  : uid=1000(system) Binder:1982_5 identical 48 lines
09-09 18:38:40.354  1982  2326 W InputReader: Device has associated, but no associated display id.
09-09 18:38:40.358 16731 16731 W ActivityThread: handleWindowVisibility: no activity for token android.os.BinderProxy@fa1d8fb
09-09 18:38:40.396 16731 16731 D LifecycleMonitor: Lifecycle status change: androidx.test.core.app.InstrumentationActivityInvoker$EmptyActivity@5280d18 in: PRE_ON_CREATE
09-09 18:38:40.397 16731 16731 V ActivityScenario: Activity lifecycle changed event received but ignored because the intent does not match. startActivityIntent=Intent { act=android.intent.action.MAIN cat=[android.intent.category.LAUNCHER] cmp=com.example.dogglers/.VerticalListActivity }, activity.getIntent()=Intent { act=android.intent.action.MAIN cat=[android.intent.category.LAUNCHER] flg=0x10000000 cmp=com.example.dogglers/androidx.test.core.app.InstrumentationActivityInvoker$EmptyActivity }, activity=androidx.test.core.app.InstrumentationActivityInvoker$EmptyActivity@5280d18
09-09 18:38:40.421 16731 16731 D LifecycleMonitor: Lifecycle status change: androidx.test.core.app.InstrumentationActivityInvoker$EmptyActivity@5280d18 in: CREATED
09-09 18:38:40.421 16731 16731 V ActivityScenario: Activity lifecycle changed event received but ignored because the intent does not match. startActivityIntent=Intent { act=android.intent.action.MAIN cat=[android.intent.category.LAUNCHER] cmp=com.example.dogglers/.VerticalListActivity }, activity.getIntent()=Intent { act=android.intent.action.MAIN cat=[android.intent.category.LAUNCHER] flg=0x10000000 cmp=com.example.dogglers/androidx.test.core.app.InstrumentationActivityInvoker$EmptyActivity }, activity=androidx.test.core.app.InstrumentationActivityInvoker$EmptyActivity@5280d18
09-09 18:38:40.424 16731 16731 D LifecycleMonitor: Lifecycle status change: androidx.test.core.app.InstrumentationActivityInvoker$EmptyActivity@5280d18 in: STARTED
09-09 18:38:40.424 16731 16731 V ActivityScenario: Activity lifecycle changed event received but ignored because the intent does not match. startActivityIntent=Intent { act=android.intent.action.MAIN cat=[android.intent.category.LAUNCHER] cmp=com.example.dogglers/.VerticalListActivity }, activity.getIntent()=Intent { act=android.intent.action.MAIN cat=[android.intent.category.LAUNCHER] flg=0x10000000 cmp=com.example.dogglers/androidx.test.core.app.InstrumentationActivityInvoker$EmptyActivity }, activity=androidx.test.core.app.InstrumentationActivityInvoker$EmptyActivity@5280d18
09-09 18:38:40.428 16731 16731 D LifecycleMonitor: Lifecycle status change: androidx.test.core.app.InstrumentationActivityInvoker$EmptyActivity@5280d18 in: RESUMED
09-09 18:38:40.429 16731 16731 V ActivityScenario: Activity lifecycle changed event received but ignored because the intent does not match. startActivityIntent=Intent { act=android.intent.action.MAIN cat=[android.intent.category.LAUNCHER] cmp=com.example.dogglers/.VerticalListActivity }, activity.getIntent()=Intent { act=android.intent.action.MAIN cat=[android.intent.category.LAUNCHER] flg=0x10000000 cmp=com.example.dogglers/androidx.test.core.app.InstrumentationActivityInvoker$EmptyActivity }, activity=androidx.test.core.app.InstrumentationActivityInvoker$EmptyActivity@5280d18
09-09 18:38:40.454 16731 16731 D LifecycleMonitor: Lifecycle status change: com.example.dogglers.VerticalListActivity@64e365f in: STOPPED
09-09 18:38:40.454 16731 16731 V ActivityScenario: Update currentActivityStage to STOPPED, currentActivity=com.example.dogglers.VerticalListActivity@64e365f
09-09 18:38:40.457 16731 16731 D LifecycleMonitor: Lifecycle status change: com.example.dogglers.VerticalListActivity@64e365f in: DESTROYED
09-09 18:38:40.467 16731 16731 V ActivityScenario: Update currentActivityStage to DESTROYED, currentActivity=null
09-09 18:38:40.541  1748  1836 D gralloc_ranchu: gralloc_alloc: Creating ashmem region of size 8298496
09-09 18:38:40.554  1748  1836 I chatty  : uid=1000(system) HwBinder:1748_3 identical 1 line
09-09 18:38:40.555  1748  1836 D gralloc_ranchu: gralloc_alloc: Creating ashmem region of size 8298496
09-09 18:38:40.563 16731 16762 D EGL_emulation: eglMakeCurrent: 0xe91b48c0: ver 3 0 (tinfo 0xf4589db0)
09-09 18:38:40.580  1982  2010 W InputReader: Device has associated, but no associated display id.
09-09 18:38:40.585  1982  2010 I chatty  : uid=1000(system) android.anim identical 18 lines
09-09 18:38:40.587  1982  2010 W InputReader: Device has associated, but no associated display id.
09-09 18:38:40.642  1982  2359 W InputReader: Device has associated, but no associated display id.
09-09 18:38:40.642  1982  2359 I chatty  : uid=1000(system) Binder:1982_8 identical 8 lines
09-09 18:38:40.642  1982  2359 W InputReader: Device has associated, but no associated display id.
09-09 18:38:40.670 16731 16731 D LifecycleMonitor: Lifecycle status change: androidx.test.core.app.InstrumentationActivityInvoker$EmptyActivity@fd3c47e in: STOPPED
09-09 18:38:40.671 16731 16731 V ActivityScenario: Activity lifecycle changed event received but ignored because the intent does not match. startActivityIntent=Intent { act=android.intent.action.MAIN cat=[android.intent.category.LAUNCHER] cmp=com.example.dogglers/.VerticalListActivity }, activity.getIntent()=Intent { act=android.intent.action.MAIN cat=[android.intent.category.LAUNCHER] flg=0x10000000 cmp=com.example.dogglers/androidx.test.core.app.InstrumentationActivityInvoker$EmptyActivity }, activity=androidx.test.core.app.InstrumentationActivityInvoker$EmptyActivity@fd3c47e
09-09 18:38:40.676 16731 16731 D LifecycleMonitor: Lifecycle status change: androidx.test.core.app.InstrumentationActivityInvoker$EmptyActivity@fd3c47e in: DESTROYED
09-09 18:38:40.677 16731 16731 V ActivityScenario: Activity lifecycle changed event received but ignored because the intent does not match. startActivityIntent=Intent { act=android.intent.action.MAIN cat=[android.intent.category.LAUNCHER] cmp=com.example.dogglers/.VerticalListActivity }, activity.getIntent()=Intent { act=android.intent.action.MAIN cat=[android.intent.category.LAUNCHER] flg=0x10000000 cmp=com.example.dogglers/androidx.test.core.app.InstrumentationActivityInvoker$EmptyActivity }, activity=androidx.test.core.app.InstrumentationActivityInvoker$EmptyActivity@fd3c47e
09-09 18:38:40.708 16731 16731 D LifecycleMonitor: Lifecycle status change: androidx.test.core.app.InstrumentationActivityInvoker$EmptyActivity@5280d18 in: PAUSED
09-09 18:38:40.712 16731 16731 V ActivityScenario: Activity lifecycle changed event received but ignored because the intent does not match. startActivityIntent=Intent { act=android.intent.action.MAIN cat=[android.intent.category.LAUNCHER] cmp=com.example.dogglers/.VerticalListActivity }, activity.getIntent()=Intent { act=android.intent.action.MAIN cat=[android.intent.category.LAUNCHER] flg=0x10000000 cmp=com.example.dogglers/androidx.test.core.app.InstrumentationActivityInvoker$EmptyActivity }, activity=androidx.test.core.app.InstrumentationActivityInvoker$EmptyActivity@5280d18
09-09 18:38:40.735  1982  2326 W InputReader: Device has associated, but no associated display id.
09-09 18:38:40.735  1982  2326 I chatty  : uid=1000(system) Binder:1982_5 identical 8 lines
09-09 18:38:40.736  1982  2326 W InputReader: Device has associated, but no associated display id.
09-09 18:38:40.740 16731 16760 I TestRunner: finished: vertical_scrolling(com.example.dogglers.VerticalListTests)
